////////////////////////////////////////////////////////////
Starting conversion at 07/05/2026 10:51:46,963
////////////////////////////////////////////////////////////

------------------------------------------------------------
Converting Recnum table: 253, CodeType, Code Maintenance Type Table
Progress:Start time: 07/05/2026 10:51:46,965
Start time: 07/05/2026 10:51:46,965
Structure_Start
Structure_Copy
Set_Attribute DF_FILE_RECNUM_TABLE to 0
Replacing recnum with primary index:1
Set_Attribute DF_FILE_PRIMARY_INDEX to 1
Set_Attribute DF_INDEX_SQL_PRIMARY_KEY to 1
AssignMinimalLength
RealignOverlaps
Structure_End
Progress:Creating new table.
Creating new table.
Progress:Creating primary key PRIMARY.
Creating primary key PRIMARY.
Progress:Creating intermediate file.
Creating intermediate file.
CLI_DROPINDICES
Progress:Temporary delete of all indices of table CodeType.
Temporary delete of all indices of table CodeType.
Progress:Dropping primary key PRIMARY.
Dropping primary key PRIMARY.
Progress:Copying record
Progress:All 0 records copied.
All 0 records copied.
CLI_CREATEINDICES
Progress:Re-creating temporary deleted indices of table CodeType.
Re-creating temporary deleted indices of table CodeType.
Progress:Creating primary key PRIMARY.
Creating primary key PRIMARY.
Close hSQLTable
Close ahTables[iCount]
Adjust filelist slot
Output_def_file
Progress:End time: 07/05/2026 10:51:47,602
End time: 07/05/2026 10:51:47,602
Progress:Total time to convert table: 0:0:0:0,637
Total time to convert table: 0:0:0:0,637

------------------------------------------------------------
Converting Recnum table: 254, CodeMast, Code Maintenance Code Table
Progress:Start time: 07/05/2026 10:51:47,609
Start time: 07/05/2026 10:51:47,609
Structure_Start
Structure_Copy
Set_Attribute DF_FILE_RECNUM_TABLE to 0
Replacing recnum with primary index:1
Set_Attribute DF_FILE_PRIMARY_INDEX to 1
Set_Attribute DF_INDEX_SQL_PRIMARY_KEY to 1
AssignMinimalLength
RealignOverlaps
Structure_End
Progress:Creating new table.
Creating new table.
Progress:Creating primary key PRIMARY.
Creating primary key PRIMARY.
Progress:Creating intermediate file.
Creating intermediate file.
CLI_DROPINDICES
Progress:Temporary delete of all indices of table CodeMast.
Temporary delete of all indices of table CodeMast.
Progress:Dropping primary key PRIMARY.
Dropping primary key PRIMARY.
Progress:Copying record
Progress:All 0 records copied.
All 0 records copied.
CLI_CREATEINDICES
Progress:Re-creating temporary deleted indices of table CodeMast.
Re-creating temporary deleted indices of table CodeMast.
Progress:Creating primary key PRIMARY.
Creating primary key PRIMARY.
Close hSQLTable
Close ahTables[iCount]
Adjust filelist slot
Output_def_file
Progress:End time: 07/05/2026 10:51:48,162
End time: 07/05/2026 10:51:48,162
Progress:Total time to convert table: 0:0:0:0,553
Total time to convert table: 0:0:0:0,553

------------------------------------------------------------
Converting Recnum table: 263, WebAppSession, WebApp Session
Progress:Start time: 07/05/2026 10:51:48,168
Start time: 07/05/2026 10:51:48,168
Structure_Start
Structure_Copy
Set_Attribute DF_FILE_RECNUM_TABLE to 0
Replacing recnum with primary index:1
Set_Attribute DF_FILE_PRIMARY_INDEX to 1
Set_Attribute DF_INDEX_SQL_PRIMARY_KEY to 1
AssignMinimalLength
RealignOverlaps
Structure_End
Progress:Creating new table.
Creating new table.
Progress:Creating primary key PRIMARY.
Creating primary key PRIMARY.
Progress:Creating index WebAppSession002.
Creating index WebAppSession002.
Progress:Creating index WebAppSession003.
Creating index WebAppSession003.
Progress:Creating intermediate file.
Creating intermediate file.
CLI_DROPINDICES
Progress:Temporary delete of all indices of table WebAppSession.
Temporary delete of all indices of table WebAppSession.
Progress:Dropping primary key PRIMARY.
Dropping primary key PRIMARY.
Progress:Dropping index WebAppSession002.
Dropping index WebAppSession002.
Progress:Dropping index WebAppSession003.
Dropping index WebAppSession003.
Progress:Copying record
Progress:All 0 records copied.
All 0 records copied.
CLI_CREATEINDICES
Progress:Re-creating temporary deleted indices of table WebAppSession.
Re-creating temporary deleted indices of table WebAppSession.
Progress:Creating primary key PRIMARY.
Creating primary key PRIMARY.
Progress:Creating index WebAppSession002.
Creating index WebAppSession002.
Progress:Creating index WebAppSession003.
Creating index WebAppSession003.
Close hSQLTable
Close ahTables[iCount]
Adjust filelist slot
Output_def_file
Progress:End time: 07/05/2026 10:51:49,232
End time: 07/05/2026 10:51:49,232
Progress:Total time to convert table: 0:0:0:1,064
Total time to convert table: 0:0:0:1,064

------------------------------------------------------------
Converting Recnum table: 264, WebAppUser, WebApp User
Progress:Start time: 07/05/2026 10:51:49,242
Start time: 07/05/2026 10:51:49,242
Structure_Start
Structure_Copy
Set_Attribute DF_FILE_RECNUM_TABLE to 0
Replacing recnum with primary index:1
Set_Attribute DF_FILE_PRIMARY_INDEX to 1
Set_Attribute DF_INDEX_SQL_PRIMARY_KEY to 1
AssignMinimalLength
RealignOverlaps
Structure_End
Progress:Creating new table.
Creating new table.
Progress:Creating primary key PRIMARY.
Creating primary key PRIMARY.
Progress:Creating intermediate file.
Creating intermediate file.
CLI_DROPINDICES
Progress:Temporary delete of all indices of table WebAppUser.
Temporary delete of all indices of table WebAppUser.
Progress:Dropping primary key PRIMARY.
Dropping primary key PRIMARY.
Progress:Copying record
Progress:All 1 records copied.
All 1 records copied.
CLI_CREATEINDICES
Progress:Re-creating temporary deleted indices of table WebAppUser.
Re-creating temporary deleted indices of table WebAppUser.
Progress:Creating primary key PRIMARY.
Creating primary key PRIMARY.
Close hSQLTable
Close ahTables[iCount]
Adjust filelist slot
Output_def_file
Progress:End time: 07/05/2026 10:51:50,212
End time: 07/05/2026 10:51:50,212
Progress:Total time to convert table: 0:0:0:0,97
Total time to convert table: 0:0:0:0,97

------------------------------------------------------------
Converting Recnum table: 265, WebAppServerProps, WebApp Server Props
Progress:Start time: 07/05/2026 10:51:50,212
Start time: 07/05/2026 10:51:50,212
Structure_Start
Structure_Copy
Set_Attribute DF_FILE_RECNUM_TABLE to 0
Replacing recnum with primary index:1
Set_Attribute DF_FILE_PRIMARY_INDEX to 1
Set_Attribute DF_INDEX_SQL_PRIMARY_KEY to 1
AssignMinimalLength
RealignOverlaps
Structure_End
Progress:Creating new table.
Creating new table.
Progress:Creating primary key PRIMARY.
Creating primary key PRIMARY.
Progress:Creating index WebAppServerProps002.
Creating index WebAppServerProps002.
Progress:Creating intermediate file.
Creating intermediate file.
CLI_DROPINDICES
Progress:Temporary delete of all indices of table WebAppServerProps.
Temporary delete of all indices of table WebAppServerProps.
Progress:Dropping primary key PRIMARY.
Dropping primary key PRIMARY.
Progress:Dropping index WebAppServerProps002.
Dropping index WebAppServerProps002.
Progress:Copying record
Progress:All 0 records copied.
All 0 records copied.
CLI_CREATEINDICES
Progress:Re-creating temporary deleted indices of table WebAppServerProps.
Re-creating temporary deleted indices of table WebAppServerProps.
Progress:Creating primary key PRIMARY.
Creating primary key PRIMARY.
Progress:Creating index WebAppServerProps002.
Creating index WebAppServerProps002.
Close hSQLTable
Close ahTables[iCount]
Adjust filelist slot
Output_def_file
Progress:End time: 07/05/2026 10:51:51,043
End time: 07/05/2026 10:51:51,043
Progress:Total time to convert table: 0:0:0:0,831
Total time to convert table: 0:0:0:0,831

------------------------------------------------------------
Converting Recnum table: 270, DFLastID, DFLastID
Progress:Start time: 07/05/2026 10:51:51,052
Start time: 07/05/2026 10:51:51,052
Structure_Start
Structure_Copy
Set_Attribute DF_FILE_PRIMARY_INDEX to 0
AssignMinimalLength
RealignOverlaps
Structure_End
Progress:Creating new table.
Creating new table.
Progress:ERROR 12289: Error general HY000 (4028)--[MySQL][ODBC 9.7(w) Driver][mysqld-8.0.45]A table must have at least one visible column.  Table = DFLastID (0), Source = ODBC_DRV.Structure_End.CreateTable
ERROR 12289: Error general HY000 (4028)--[MySQL][ODBC 9.7(w) Driver][mysqld-8.0.45]A table must have at least one visible column.  Table = DFLastID (0), Source = ODBC_DRV.Structure_End.CreateTable
Progress:End time: 07/05/2026 10:51:51,072
End time: 07/05/2026 10:51:51,072
Progress:Total time to convert table: 0:0:0:0,02
Total time to convert table: 0:0:0:0,02

############################################################
List of tables that experienced errors while converting:
   DFLastID - Unable to create.
////////////////////////////////////////////////////////////
Finished conversion at 07/05/2026 10:51:51,075
Total conversion time: 0:0:0:4,111
////////////////////////////////////////////////////////////
